Analysis & Synthesis report for flappyPlane
Thu May 23 13:22:37 2024
Quartus Prime Version 18.1.0 Build 625 09/12/2018 SJ Standard Edition


---------------------
; Table of Contents ;
---------------------
  1. Legal Notice
  2. Analysis & Synthesis Summary
  3. Analysis & Synthesis Settings
  4. Parallel Compilation
  5. Analysis & Synthesis IP Cores Summary
  6. Analysis & Synthesis Messages



----------------
; Legal Notice ;
----------------
Copyright (C) 2018  Intel Corporation. All rights reserved.
Your use of Intel Corporation's design tools, logic functions 
and other software and tools, and its AMPP partner logic 
functions, and any output files from any of the foregoing 
(including device programming or simulation files), and any 
associated documentation or information are expressly subject 
to the terms and conditions of the Intel Program License 
Subscription Agreement, the Intel Quartus Prime License Agreement,
the Intel FPGA IP License Agreement, or other applicable license
agreement, including, without limitation, that your use is for
the sole purpose of programming logic devices manufactured by
Intel and sold by Intel or its authorized distributors.  Please
refer to the applicable agreement for further details.



+-------------------------------------------------------------------------------+
; Analysis & Synthesis Summary                                                  ;
+-----------------------------+-------------------------------------------------+
; Analysis & Synthesis Status ; Failed - Thu May 23 13:22:37 2024               ;
; Quartus Prime Version       ; 18.1.0 Build 625 09/12/2018 SJ Standard Edition ;
; Revision Name               ; flappyPlane                                     ;
; Top-level Entity Name       ; toplevel                                        ;
; Family                      ; Cyclone V                                       ;
; Logic utilization (in ALMs) ; N/A until Partition Merge                       ;
; Total registers             ; N/A until Partition Merge                       ;
; Total pins                  ; N/A until Partition Merge                       ;
; Total virtual pins          ; N/A until Partition Merge                       ;
; Total block memory bits     ; N/A until Partition Merge                       ;
; Total PLLs                  ; N/A until Partition Merge                       ;
; Total DLLs                  ; N/A until Partition Merge                       ;
+-----------------------------+-------------------------------------------------+


+---------------------------------------------------------------------------------------------------------------------------+
; Analysis & Synthesis Settings                                                                                             ;
+---------------------------------------------------------------------------------+--------------------+--------------------+
; Option                                                                          ; Setting            ; Default Value      ;
+---------------------------------------------------------------------------------+--------------------+--------------------+
; Device                                                                          ; 5CEBA4F23C7        ;                    ;
; Top-level entity name                                                           ; toplevel           ; flappyPlane        ;
; Family name                                                                     ; Cyclone V          ; Cyclone V          ;
; Optimization Technique                                                          ; Speed              ; Balanced           ;
; Use smart compilation                                                           ; Off                ; Off                ;
; Enable parallel Assembler and Timing Analyzer during compilation                ; On                 ; On                 ;
; Enable compact report table                                                     ; Off                ; Off                ;
; Restructure Multiplexers                                                        ; Auto               ; Auto               ;
; MLAB Add Timing Constraints For Mixed-Port Feed-Through Mode Setting Don't Care ; Off                ; Off                ;
; Create Debugging Nodes for IP Cores                                             ; Off                ; Off                ;
; Preserve fewer node names                                                       ; On                 ; On                 ;
; Intel FPGA IP Evaluation Mode                                                   ; Enable             ; Enable             ;
; Verilog Version                                                                 ; Verilog_2001       ; Verilog_2001       ;
; VHDL Version                                                                    ; VHDL_1993          ; VHDL_1993          ;
; State Machine Processing                                                        ; Auto               ; Auto               ;
; Safe State Machine                                                              ; Off                ; Off                ;
; Extract Verilog State Machines                                                  ; On                 ; On                 ;
; Extract VHDL State Machines                                                     ; On                 ; On                 ;
; Ignore Verilog initial constructs                                               ; Off                ; Off                ;
; Iteration limit for constant Verilog loops                                      ; 5000               ; 5000               ;
; Iteration limit for non-constant Verilog loops                                  ; 250                ; 250                ;
; Add Pass-Through Logic to Inferred RAMs                                         ; On                 ; On                 ;
; Infer RAMs from Raw Logic                                                       ; On                 ; On                 ;
; Parallel Synthesis                                                              ; On                 ; On                 ;
; DSP Block Balancing                                                             ; Auto               ; Auto               ;
; NOT Gate Push-Back                                                              ; On                 ; On                 ;
; Power-Up Don't Care                                                             ; On                 ; On                 ;
; Remove Redundant Logic Cells                                                    ; Off                ; Off                ;
; Remove Duplicate Registers                                                      ; On                 ; On                 ;
; Ignore CARRY Buffers                                                            ; Off                ; Off                ;
; Ignore CASCADE Buffers                                                          ; Off                ; Off                ;
; Ignore GLOBAL Buffers                                                           ; Off                ; Off                ;
; Ignore ROW GLOBAL Buffers                                                       ; Off                ; Off                ;
; Ignore LCELL Buffers                                                            ; Off                ; Off                ;
; Ignore SOFT Buffers                                                             ; On                 ; On                 ;
; Limit AHDL Integers to 32 Bits                                                  ; Off                ; Off                ;
; Carry Chain Length                                                              ; 70                 ; 70                 ;
; Auto Carry Chains                                                               ; On                 ; On                 ;
; Auto Open-Drain Pins                                                            ; On                 ; On                 ;
; Perform WYSIWYG Primitive Resynthesis                                           ; Off                ; Off                ;
; Auto ROM Replacement                                                            ; On                 ; On                 ;
; Auto RAM Replacement                                                            ; On                 ; On                 ;
; Auto DSP Block Replacement                                                      ; On                 ; On                 ;
; Auto Shift Register Replacement                                                 ; Auto               ; Auto               ;
; Allow Shift Register Merging across Hierarchies                                 ; Auto               ; Auto               ;
; Auto Clock Enable Replacement                                                   ; On                 ; On                 ;
; Strict RAM Replacement                                                          ; Off                ; Off                ;
; Allow Synchronous Control Signals                                               ; On                 ; On                 ;
; Force Use of Synchronous Clear Signals                                          ; Off                ; Off                ;
; Auto Resource Sharing                                                           ; Off                ; Off                ;
; Allow Any RAM Size For Recognition                                              ; Off                ; Off                ;
; Allow Any ROM Size For Recognition                                              ; Off                ; Off                ;
; Allow Any Shift Register Size For Recognition                                   ; Off                ; Off                ;
; Use LogicLock Constraints during Resource Balancing                             ; On                 ; On                 ;
; Ignore translate_off and synthesis_off directives                               ; Off                ; Off                ;
; Timing-Driven Synthesis                                                         ; On                 ; On                 ;
; Report Parameter Settings                                                       ; On                 ; On                 ;
; Report Source Assignments                                                       ; On                 ; On                 ;
; Report Connectivity Checks                                                      ; On                 ; On                 ;
; Ignore Maximum Fan-Out Assignments                                              ; Off                ; Off                ;
; Synchronization Register Chain Length                                           ; 3                  ; 3                  ;
; Power Optimization During Synthesis                                             ; Normal compilation ; Normal compilation ;
; HDL message level                                                               ; Level2             ; Level2             ;
; Suppress Register Optimization Related Messages                                 ; Off                ; Off                ;
; Number of Removed Registers Reported in Synthesis Report                        ; 5000               ; 5000               ;
; Number of Swept Nodes Reported in Synthesis Report                              ; 5000               ; 5000               ;
; Number of Inverted Registers Reported in Synthesis Report                       ; 100                ; 100                ;
; Clock MUX Protection                                                            ; On                 ; On                 ;
; Auto Gated Clock Conversion                                                     ; Off                ; Off                ;
; Block Design Naming                                                             ; Auto               ; Auto               ;
; SDC constraint protection                                                       ; Off                ; Off                ;
; Synthesis Effort                                                                ; Auto               ; Auto               ;
; Shift Register Replacement - Allow Asynchronous Clear Signal                    ; On                 ; On                 ;
; Pre-Mapping Resynthesis Optimization                                            ; Off                ; Off                ;
; Analysis & Synthesis Message Level                                              ; Medium             ; Medium             ;
; Disable Register Merging Across Hierarchies                                     ; Auto               ; Auto               ;
; Resource Aware Inference For Block RAM                                          ; On                 ; On                 ;
; Automatic Parallel Synthesis                                                    ; On                 ; On                 ;
; Partial Reconfiguration Bitstream ID                                            ; Off                ; Off                ;
+---------------------------------------------------------------------------------+--------------------+--------------------+


+------------------------------------------+
; Parallel Compilation                     ;
+----------------------------+-------------+
; Processors                 ; Number      ;
+----------------------------+-------------+
; Number detected on machine ; 24          ;
; Maximum allowed            ; 16          ;
;                            ;             ;
; Average used               ; 1.00        ;
; Maximum used               ; 1           ;
;                            ;             ;
; Usage by Processor         ; % Time Used ;
;     Processor 1            ; 100.0%      ;
+----------------------------+-------------+


+--------------------------------------------------------------------------------------------------------+
; Analysis & Synthesis IP Cores Summary                                                                  ;
+--------+--------------+---------+--------------+--------------+----------------------+-----------------+
; Vendor ; IP Core Name ; Version ; Release Date ; License Type ; Entity Instance      ; IP Include File ;
+--------+--------------+---------+--------------+--------------+----------------------+-----------------+
; Altera ; altera_pll   ; 18.1    ; N/A          ; N/A          ; |toplevel|pll2:inst1 ; pll2.vhd        ;
+--------+--------------+---------+--------------+--------------+----------------------+-----------------+


+-------------------------------+
; Analysis & Synthesis Messages ;
+-------------------------------+
Info: *******************************************************************
Info: Running Quartus Prime Analysis & Synthesis
    Info: Version 18.1.0 Build 625 09/12/2018 SJ Standard Edition
    Info: Processing started: Thu May 23 13:22:24 2024
Info: Command: quartus_map --read_settings_files=on --write_settings_files=off flappyPlane -c flappyPlane
Warning (18236): Number of processors has not been specified which may cause overloading on shared machines.  Set the global assignment NUM_PARALLEL_PROCESSORS in your QSF to an appropriate value for best performance.
Info (20030): Parallel compilation is enabled and will use 16 of the 16 processors detected
Info (12021): Found 2 design units, including 1 entities, in source file bcd_to_7seg.vhd
    Info (12022): Found design unit 1: BCD_to_SevenSeg-arc1 File: C:/Users/amoj168/OneDrive - The University of Auckland/Documents/GitHub/305-Mini-Project-Flappy-Plane/305_files/BCD_to_7Seg.vhd Line: 12
    Info (12023): Found entity 1: BCD_to_SevenSeg File: C:/Users/amoj168/OneDrive - The University of Auckland/Documents/GitHub/305-Mini-Project-Flappy-Plane/305_files/BCD_to_7Seg.vhd Line: 7
Info (12021): Found 2 design units, including 1 entities, in source file miniprojectresources/vga_sync.vhd
    Info (12022): Found design unit 1: VGA_SYNC-a File: C:/Users/amoj168/OneDrive - The University of Auckland/Documents/GitHub/305-Mini-Project-Flappy-Plane/305_files/MiniprojectResources/vga_sync.vhd Line: 13
    Info (12023): Found entity 1: VGA_SYNC File: C:/Users/amoj168/OneDrive - The University of Auckland/Documents/GitHub/305-Mini-Project-Flappy-Plane/305_files/MiniprojectResources/vga_sync.vhd Line: 7
Info (12021): Found 2 design units, including 1 entities, in source file miniprojectresources/mouse.vhd
    Info (12022): Found design unit 1: MOUSE-behavior File: C:/Users/amoj168/OneDrive - The University of Auckland/Documents/GitHub/305-Mini-Project-Flappy-Plane/305_files/MiniprojectResources/mouse.vhd Line: 18
    Info (12023): Found entity 1: MOUSE File: C:/Users/amoj168/OneDrive - The University of Auckland/Documents/GitHub/305-Mini-Project-Flappy-Plane/305_files/MiniprojectResources/mouse.vhd Line: 9
Info (12021): Found 2 design units, including 1 entities, in source file miniprojectresources/char_rom.vhd
    Info (12022): Found design unit 1: char_rom-SYN File: C:/Users/amoj168/OneDrive - The University of Auckland/Documents/GitHub/305-Mini-Project-Flappy-Plane/305_files/MiniprojectResources/char_rom.vhd Line: 20
    Info (12023): Found entity 1: char_rom File: C:/Users/amoj168/OneDrive - The University of Auckland/Documents/GitHub/305-Mini-Project-Flappy-Plane/305_files/MiniprojectResources/char_rom.vhd Line: 9
Info (12021): Found 2 design units, including 1 entities, in source file miniprojectresources/bouncy_ball.vhd
    Info (12022): Found design unit 1: bouncy_ball-behavior File: C:/Users/amoj168/OneDrive - The University of Auckland/Documents/GitHub/305-Mini-Project-Flappy-Plane/305_files/MiniprojectResources/bouncy_ball.vhd Line: 16
    Info (12023): Found entity 1: bouncy_ball File: C:/Users/amoj168/OneDrive - The University of Auckland/Documents/GitHub/305-Mini-Project-Flappy-Plane/305_files/MiniprojectResources/bouncy_ball.vhd Line: 7
Info (12021): Found 2 design units, including 1 entities, in source file miniprojectresources/ball.vhd
    Info (12022): Found design unit 1: ball-behavior File: C:/Users/amoj168/OneDrive - The University of Auckland/Documents/GitHub/305-Mini-Project-Flappy-Plane/305_files/MiniprojectResources/ball.vhd Line: 14
    Info (12023): Found entity 1: ball File: C:/Users/amoj168/OneDrive - The University of Auckland/Documents/GitHub/305-Mini-Project-Flappy-Plane/305_files/MiniprojectResources/ball.vhd Line: 7
Info (12021): Found 1 design units, including 1 entities, in source file de0_cv_golden_top.v
    Info (12023): Found entity 1: DE0_CV_golden_top File: C:/Users/amoj168/OneDrive - The University of Auckland/Documents/GitHub/305-Mini-Project-Flappy-Plane/305_files/DE0_CV_golden_top.v Line: 54
Info (12021): Found 1 design units, including 1 entities, in source file toplevel.bdf
    Info (12023): Found entity 1: toplevel
Info (12021): Found 2 design units, including 1 entities, in source file pll.vhd
    Info (12022): Found design unit 1: pll-rtl File: C:/Users/amoj168/OneDrive - The University of Auckland/Documents/GitHub/305-Mini-Project-Flappy-Plane/305_files/pll.vhd Line: 20
    Info (12023): Found entity 1: pll File: C:/Users/amoj168/OneDrive - The University of Auckland/Documents/GitHub/305-Mini-Project-Flappy-Plane/305_files/pll.vhd Line: 11
Info (12021): Found 1 design units, including 1 entities, in source file pll/pll_0002.v
    Info (12023): Found entity 1: pll_0002 File: C:/Users/amoj168/OneDrive - The University of Auckland/Documents/GitHub/305-Mini-Project-Flappy-Plane/305_files/pll/pll_0002.v Line: 2
Info (12021): Found 2 design units, including 1 entities, in source file pll2.vhd
    Info (12022): Found design unit 1: pll2-rtl File: C:/Users/amoj168/OneDrive - The University of Auckland/Documents/GitHub/305-Mini-Project-Flappy-Plane/305_files/pll2.vhd Line: 20
    Info (12023): Found entity 1: pll2 File: C:/Users/amoj168/OneDrive - The University of Auckland/Documents/GitHub/305-Mini-Project-Flappy-Plane/305_files/pll2.vhd Line: 11
Info (12021): Found 1 design units, including 1 entities, in source file pll2/pll2_0002.v
    Info (12023): Found entity 1: pll2_0002 File: C:/Users/amoj168/OneDrive - The University of Auckland/Documents/GitHub/305-Mini-Project-Flappy-Plane/305_files/pll2/pll2_0002.v Line: 2
Info (12021): Found 1 design units, including 1 entities, in source file char_block_diagram.bdf
    Info (12023): Found entity 1: char_block_diagram
Info (12021): Found 1 design units, including 1 entities, in source file mouse_block_diagram.bdf
    Info (12023): Found entity 1: mouse_block_diagram
Warning (12019): Can't analyze file -- file ../pipe.vhd is missing
Info (12021): Found 1 design units, including 1 entities, in source file output_files/pipes.bdf
    Info (12023): Found entity 1: pipes
Info (12021): Found 2 design units, including 1 entities, in source file text.vhd
    Info (12022): Found design unit 1: textSelector-Behaviour File: C:/Users/amoj168/OneDrive - The University of Auckland/Documents/GitHub/305-Mini-Project-Flappy-Plane/305_files/text.vhd Line: 17
    Info (12023): Found entity 1: textSelector File: C:/Users/amoj168/OneDrive - The University of Auckland/Documents/GitHub/305-Mini-Project-Flappy-Plane/305_files/text.vhd Line: 7
Info (12021): Found 2 design units, including 1 entities, in source file random_number_gen.vhd
    Info (12022): Found design unit 1: random_number_gen-LFSR_BEHAVIOR File: C:/Users/amoj168/OneDrive - The University of Auckland/Documents/GitHub/305-Mini-Project-Flappy-Plane/305_files/random_number_gen.vhd Line: 11
    Info (12023): Found entity 1: random_number_gen File: C:/Users/amoj168/OneDrive - The University of Auckland/Documents/GitHub/305-Mini-Project-Flappy-Plane/305_files/random_number_gen.vhd Line: 6
Info (12021): Found 2 design units, including 1 entities, in source file heart.vhd
    Info (12022): Found design unit 1: heart-SYN File: C:/Users/amoj168/OneDrive - The University of Auckland/Documents/GitHub/305-Mini-Project-Flappy-Plane/305_files/heart.vhd Line: 20
    Info (12023): Found entity 1: heart File: C:/Users/amoj168/OneDrive - The University of Auckland/Documents/GitHub/305-Mini-Project-Flappy-Plane/305_files/heart.vhd Line: 9
Info (12127): Elaborating entity "toplevel" for the top level hierarchy
Info (12128): Elaborating entity "VGA_SYNC" for hierarchy "VGA_SYNC:inst2"
Info (12128): Elaborating entity "pll2" for hierarchy "pll2:inst1"
Info (12128): Elaborating entity "pll2_0002" for hierarchy "pll2:inst1|pll2_0002:pll2_inst" File: C:/Users/amoj168/OneDrive - The University of Auckland/Documents/GitHub/305-Mini-Project-Flappy-Plane/305_files/pll2.vhd Line: 32
Info (12128): Elaborating entity "altera_pll" for hierarchy "pll2:inst1|pll2_0002:pll2_inst|altera_pll:altera_pll_i" File: C:/Users/amoj168/OneDrive - The University of Auckland/Documents/GitHub/305-Mini-Project-Flappy-Plane/305_files/pll2/pll2_0002.v Line: 85
Info (10008): Verilog HDL or VHDL information: EDA Netlist Writer cannot regroup multidimensional array "wire_to_nowhere_64" into its bus
Info (12130): Elaborated megafunction instantiation "pll2:inst1|pll2_0002:pll2_inst|altera_pll:altera_pll_i" File: C:/Users/amoj168/OneDrive - The University of Auckland/Documents/GitHub/305-Mini-Project-Flappy-Plane/305_files/pll2/pll2_0002.v Line: 85
Info (12133): Instantiated megafunction "pll2:inst1|pll2_0002:pll2_inst|altera_pll:altera_pll_i" with the following parameter: File: C:/Users/amoj168/OneDrive - The University of Auckland/Documents/GitHub/305-Mini-Project-Flappy-Plane/305_files/pll2/pll2_0002.v Line: 85
    Info (12134): Parameter "fractional_vco_multiplier" = "false"
    Info (12134): Parameter "reference_clock_frequency" = "50.0 MHz"
    Info (12134): Parameter "operation_mode" = "direct"
    Info (12134): Parameter "number_of_clocks" = "1"
    Info (12134): Parameter "output_clock_frequency0" = "25.000000 MHz"
    Info (12134): Parameter "phase_shift0" = "0 ps"
    Info (12134): Parameter "duty_cycle0" = "50"
    Info (12134): Parameter "output_clock_frequency1" = "0 MHz"
    Info (12134): Parameter "phase_shift1" = "0 ps"
    Info (12134): Parameter "duty_cycle1" = "50"
    Info (12134): Parameter "output_clock_frequency2" = "0 MHz"
    Info (12134): Parameter "phase_shift2" = "0 ps"
    Info (12134): Parameter "duty_cycle2" = "50"
    Info (12134): Parameter "output_clock_frequency3" = "0 MHz"
    Info (12134): Parameter "phase_shift3" = "0 ps"
    Info (12134): Parameter "duty_cycle3" = "50"
    Info (12134): Parameter "output_clock_frequency4" = "0 MHz"
    Info (12134): Parameter "phase_shift4" = "0 ps"
    Info (12134): Parameter "duty_cycle4" = "50"
    Info (12134): Parameter "output_clock_frequency5" = "0 MHz"
    Info (12134): Parameter "phase_shift5" = "0 ps"
    Info (12134): Parameter "duty_cycle5" = "50"
    Info (12134): Parameter "output_clock_frequency6" = "0 MHz"
    Info (12134): Parameter "phase_shift6" = "0 ps"
    Info (12134): Parameter "duty_cycle6" = "50"
    Info (12134): Parameter "output_clock_frequency7" = "0 MHz"
    Info (12134): Parameter "phase_shift7" = "0 ps"
    Info (12134): Parameter "duty_cycle7" = "50"
    Info (12134): Parameter "output_clock_frequency8" = "0 MHz"
    Info (12134): Parameter "phase_shift8" = "0 ps"
    Info (12134): Parameter "duty_cycle8" = "50"
    Info (12134): Parameter "output_clock_frequency9" = "0 MHz"
    Info (12134): Parameter "phase_shift9" = "0 ps"
    Info (12134): Parameter "duty_cycle9" = "50"
    Info (12134): Parameter "output_clock_frequency10" = "0 MHz"
    Info (12134): Parameter "phase_shift10" = "0 ps"
    Info (12134): Parameter "duty_cycle10" = "50"
    Info (12134): Parameter "output_clock_frequency11" = "0 MHz"
    Info (12134): Parameter "phase_shift11" = "0 ps"
    Info (12134): Parameter "duty_cycle11" = "50"
    Info (12134): Parameter "output_clock_frequency12" = "0 MHz"
    Info (12134): Parameter "phase_shift12" = "0 ps"
    Info (12134): Parameter "duty_cycle12" = "50"
    Info (12134): Parameter "output_clock_frequency13" = "0 MHz"
    Info (12134): Parameter "phase_shift13" = "0 ps"
    Info (12134): Parameter "duty_cycle13" = "50"
    Info (12134): Parameter "output_clock_frequency14" = "0 MHz"
    Info (12134): Parameter "phase_shift14" = "0 ps"
    Info (12134): Parameter "duty_cycle14" = "50"
    Info (12134): Parameter "output_clock_frequency15" = "0 MHz"
    Info (12134): Parameter "phase_shift15" = "0 ps"
    Info (12134): Parameter "duty_cycle15" = "50"
    Info (12134): Parameter "output_clock_frequency16" = "0 MHz"
    Info (12134): Parameter "phase_shift16" = "0 ps"
    Info (12134): Parameter "duty_cycle16" = "50"
    Info (12134): Parameter "output_clock_frequency17" = "0 MHz"
    Info (12134): Parameter "phase_shift17" = "0 ps"
    Info (12134): Parameter "duty_cycle17" = "50"
    Info (12134): Parameter "pll_type" = "General"
    Info (12134): Parameter "pll_subtype" = "General"
Info (12128): Elaborating entity "bouncy_ball" for hierarchy "bouncy_ball:inst3"
Warning (10540): VHDL Signal Declaration warning at bouncy_ball.vhd(24): used explicit default value for signal "cloud_width" because signal was never assigned a value File: C:/Users/amoj168/OneDrive - The University of Auckland/Documents/GitHub/305-Mini-Project-Flappy-Plane/305_files/MiniprojectResources/bouncy_ball.vhd Line: 24
Warning (10540): VHDL Signal Declaration warning at bouncy_ball.vhd(25): used explicit default value for signal "cloud_drawing_width" because signal was never assigned a value File: C:/Users/amoj168/OneDrive - The University of Auckland/Documents/GitHub/305-Mini-Project-Flappy-Plane/305_files/MiniprojectResources/bouncy_ball.vhd Line: 25
Warning (10540): VHDL Signal Declaration warning at bouncy_ball.vhd(28): used explicit default value for signal "cloud_inital_spacing" because signal was never assigned a value File: C:/Users/amoj168/OneDrive - The University of Auckland/Documents/GitHub/305-Mini-Project-Flappy-Plane/305_files/MiniprojectResources/bouncy_ball.vhd Line: 28
Warning (10540): VHDL Signal Declaration warning at bouncy_ball.vhd(36): used explicit default value for signal "top_cloud1_y_pos" because signal was never assigned a value File: C:/Users/amoj168/OneDrive - The University of Auckland/Documents/GitHub/305-Mini-Project-Flappy-Plane/305_files/MiniprojectResources/bouncy_ball.vhd Line: 36
Warning (10540): VHDL Signal Declaration warning at bouncy_ball.vhd(41): used explicit default value for signal "bottom_cloud1_y_pos" because signal was never assigned a value File: C:/Users/amoj168/OneDrive - The University of Auckland/Documents/GitHub/305-Mini-Project-Flappy-Plane/305_files/MiniprojectResources/bouncy_ball.vhd Line: 41
Warning (10540): VHDL Signal Declaration warning at bouncy_ball.vhd(48): used explicit default value for signal "top_cloud2_y_pos" because signal was never assigned a value File: C:/Users/amoj168/OneDrive - The University of Auckland/Documents/GitHub/305-Mini-Project-Flappy-Plane/305_files/MiniprojectResources/bouncy_ball.vhd Line: 48
Warning (10540): VHDL Signal Declaration warning at bouncy_ball.vhd(53): used explicit default value for signal "bottom_cloud2_y_pos" because signal was never assigned a value File: C:/Users/amoj168/OneDrive - The University of Auckland/Documents/GitHub/305-Mini-Project-Flappy-Plane/305_files/MiniprojectResources/bouncy_ball.vhd Line: 53
Warning (10540): VHDL Signal Declaration warning at bouncy_ball.vhd(60): used explicit default value for signal "top_cloud3_y_pos" because signal was never assigned a value File: C:/Users/amoj168/OneDrive - The University of Auckland/Documents/GitHub/305-Mini-Project-Flappy-Plane/305_files/MiniprojectResources/bouncy_ball.vhd Line: 60
Warning (10540): VHDL Signal Declaration warning at bouncy_ball.vhd(65): used explicit default value for signal "bottom_cloud3_y_pos" because signal was never assigned a value File: C:/Users/amoj168/OneDrive - The University of Auckland/Documents/GitHub/305-Mini-Project-Flappy-Plane/305_files/MiniprojectResources/bouncy_ball.vhd Line: 65
Warning (10540): VHDL Signal Declaration warning at bouncy_ball.vhd(77): used explicit default value for signal "cloud_vertical_spacing" because signal was never assigned a value File: C:/Users/amoj168/OneDrive - The University of Auckland/Documents/GitHub/305-Mini-Project-Flappy-Plane/305_files/MiniprojectResources/bouncy_ball.vhd Line: 77
Warning (10492): VHDL Process Statement warning at bouncy_ball.vhd(205): signal "game_running" is read inside the Process Statement but isn't in the Process Statement's sensitivity list File: C:/Users/amoj168/OneDrive - The University of Auckland/Documents/GitHub/305-Mini-Project-Flappy-Plane/305_files/MiniprojectResources/bouncy_ball.vhd Line: 205
Info (10041): Inferred latch for "bottom_cloud3_height[0]" at bouncy_ball.vhd(128) File: C:/Users/amoj168/OneDrive - The University of Auckland/Documents/GitHub/305-Mini-Project-Flappy-Plane/305_files/MiniprojectResources/bouncy_ball.vhd Line: 128
Info (10041): Inferred latch for "bottom_cloud3_height[1]" at bouncy_ball.vhd(128) File: C:/Users/amoj168/OneDrive - The University of Auckland/Documents/GitHub/305-Mini-Project-Flappy-Plane/305_files/MiniprojectResources/bouncy_ball.vhd Line: 128
Info (10041): Inferred latch for "bottom_cloud3_height[2]" at bouncy_ball.vhd(128) File: C:/Users/amoj168/OneDrive - The University of Auckland/Documents/GitHub/305-Mini-Project-Flappy-Plane/305_files/MiniprojectResources/bouncy_ball.vhd Line: 128
Info (10041): Inferred latch for "bottom_cloud3_height[3]" at bouncy_ball.vhd(128) File: C:/Users/amoj168/OneDrive - The University of Auckland/Documents/GitHub/305-Mini-Project-Flappy-Plane/305_files/MiniprojectResources/bouncy_ball.vhd Line: 128
Info (10041): Inferred latch for "bottom_cloud3_height[4]" at bouncy_ball.vhd(128) File: C:/Users/amoj168/OneDrive - The University of Auckland/Documents/GitHub/305-Mini-Project-Flappy-Plane/305_files/MiniprojectResources/bouncy_ball.vhd Line: 128
Info (10041): Inferred latch for "bottom_cloud3_height[5]" at bouncy_ball.vhd(128) File: C:/Users/amoj168/OneDrive - The University of Auckland/Documents/GitHub/305-Mini-Project-Flappy-Plane/305_files/MiniprojectResources/bouncy_ball.vhd Line: 128
Info (10041): Inferred latch for "bottom_cloud3_height[6]" at bouncy_ball.vhd(128) File: C:/Users/amoj168/OneDrive - The University of Auckland/Documents/GitHub/305-Mini-Project-Flappy-Plane/305_files/MiniprojectResources/bouncy_ball.vhd Line: 128
Info (10041): Inferred latch for "bottom_cloud3_height[7]" at bouncy_ball.vhd(128) File: C:/Users/amoj168/OneDrive - The University of Auckland/Documents/GitHub/305-Mini-Project-Flappy-Plane/305_files/MiniprojectResources/bouncy_ball.vhd Line: 128
Info (10041): Inferred latch for "bottom_cloud3_height[8]" at bouncy_ball.vhd(128) File: C:/Users/amoj168/OneDrive - The University of Auckland/Documents/GitHub/305-Mini-Project-Flappy-Plane/305_files/MiniprojectResources/bouncy_ball.vhd Line: 128
Info (10041): Inferred latch for "bottom_cloud3_height[9]" at bouncy_ball.vhd(128) File: C:/Users/amoj168/OneDrive - The University of Auckland/Documents/GitHub/305-Mini-Project-Flappy-Plane/305_files/MiniprojectResources/bouncy_ball.vhd Line: 128
Info (10041): Inferred latch for "top_cloud3_height[0]" at bouncy_ball.vhd(122) File: C:/Users/amoj168/OneDrive - The University of Auckland/Documents/GitHub/305-Mini-Project-Flappy-Plane/305_files/MiniprojectResources/bouncy_ball.vhd Line: 122
Info (10041): Inferred latch for "top_cloud3_height[1]" at bouncy_ball.vhd(122) File: C:/Users/amoj168/OneDrive - The University of Auckland/Documents/GitHub/305-Mini-Project-Flappy-Plane/305_files/MiniprojectResources/bouncy_ball.vhd Line: 122
Info (10041): Inferred latch for "top_cloud3_height[2]" at bouncy_ball.vhd(122) File: C:/Users/amoj168/OneDrive - The University of Auckland/Documents/GitHub/305-Mini-Project-Flappy-Plane/305_files/MiniprojectResources/bouncy_ball.vhd Line: 122
Info (10041): Inferred latch for "top_cloud3_height[3]" at bouncy_ball.vhd(122) File: C:/Users/amoj168/OneDrive - The University of Auckland/Documents/GitHub/305-Mini-Project-Flappy-Plane/305_files/MiniprojectResources/bouncy_ball.vhd Line: 122
Info (10041): Inferred latch for "top_cloud3_height[4]" at bouncy_ball.vhd(122) File: C:/Users/amoj168/OneDrive - The University of Auckland/Documents/GitHub/305-Mini-Project-Flappy-Plane/305_files/MiniprojectResources/bouncy_ball.vhd Line: 122
Info (10041): Inferred latch for "top_cloud3_height[5]" at bouncy_ball.vhd(122) File: C:/Users/amoj168/OneDrive - The University of Auckland/Documents/GitHub/305-Mini-Project-Flappy-Plane/305_files/MiniprojectResources/bouncy_ball.vhd Line: 122
Info (10041): Inferred latch for "top_cloud3_height[6]" at bouncy_ball.vhd(122) File: C:/Users/amoj168/OneDrive - The University of Auckland/Documents/GitHub/305-Mini-Project-Flappy-Plane/305_files/MiniprojectResources/bouncy_ball.vhd Line: 122
Info (10041): Inferred latch for "top_cloud3_height[7]" at bouncy_ball.vhd(122) File: C:/Users/amoj168/OneDrive - The University of Auckland/Documents/GitHub/305-Mini-Project-Flappy-Plane/305_files/MiniprojectResources/bouncy_ball.vhd Line: 122
Info (10041): Inferred latch for "top_cloud3_height[8]" at bouncy_ball.vhd(122) File: C:/Users/amoj168/OneDrive - The University of Auckland/Documents/GitHub/305-Mini-Project-Flappy-Plane/305_files/MiniprojectResources/bouncy_ball.vhd Line: 122
Info (10041): Inferred latch for "top_cloud3_height[9]" at bouncy_ball.vhd(122) File: C:/Users/amoj168/OneDrive - The University of Auckland/Documents/GitHub/305-Mini-Project-Flappy-Plane/305_files/MiniprojectResources/bouncy_ball.vhd Line: 122
Info (10041): Inferred latch for "bottom_cloud2_height[0]" at bouncy_ball.vhd(113) File: C:/Users/amoj168/OneDrive - The University of Auckland/Documents/GitHub/305-Mini-Project-Flappy-Plane/305_files/MiniprojectResources/bouncy_ball.vhd Line: 113
Info (10041): Inferred latch for "bottom_cloud2_height[1]" at bouncy_ball.vhd(113) File: C:/Users/amoj168/OneDrive - The University of Auckland/Documents/GitHub/305-Mini-Project-Flappy-Plane/305_files/MiniprojectResources/bouncy_ball.vhd Line: 113
Info (10041): Inferred latch for "bottom_cloud2_height[2]" at bouncy_ball.vhd(113) File: C:/Users/amoj168/OneDrive - The University of Auckland/Documents/GitHub/305-Mini-Project-Flappy-Plane/305_files/MiniprojectResources/bouncy_ball.vhd Line: 113
Info (10041): Inferred latch for "bottom_cloud2_height[3]" at bouncy_ball.vhd(113) File: C:/Users/amoj168/OneDrive - The University of Auckland/Documents/GitHub/305-Mini-Project-Flappy-Plane/305_files/MiniprojectResources/bouncy_ball.vhd Line: 113
Info (10041): Inferred latch for "bottom_cloud2_height[4]" at bouncy_ball.vhd(113) File: C:/Users/amoj168/OneDrive - The University of Auckland/Documents/GitHub/305-Mini-Project-Flappy-Plane/305_files/MiniprojectResources/bouncy_ball.vhd Line: 113
Info (10041): Inferred latch for "bottom_cloud2_height[5]" at bouncy_ball.vhd(113) File: C:/Users/amoj168/OneDrive - The University of Auckland/Documents/GitHub/305-Mini-Project-Flappy-Plane/305_files/MiniprojectResources/bouncy_ball.vhd Line: 113
Info (10041): Inferred latch for "bottom_cloud2_height[6]" at bouncy_ball.vhd(113) File: C:/Users/amoj168/OneDrive - The University of Auckland/Documents/GitHub/305-Mini-Project-Flappy-Plane/305_files/MiniprojectResources/bouncy_ball.vhd Line: 113
Info (10041): Inferred latch for "bottom_cloud2_height[7]" at bouncy_ball.vhd(113) File: C:/Users/amoj168/OneDrive - The University of Auckland/Documents/GitHub/305-Mini-Project-Flappy-Plane/305_files/MiniprojectResources/bouncy_ball.vhd Line: 113
Info (10041): Inferred latch for "bottom_cloud2_height[8]" at bouncy_ball.vhd(113) File: C:/Users/amoj168/OneDrive - The University of Auckland/Documents/GitHub/305-Mini-Project-Flappy-Plane/305_files/MiniprojectResources/bouncy_ball.vhd Line: 113
Info (10041): Inferred latch for "bottom_cloud2_height[9]" at bouncy_ball.vhd(113) File: C:/Users/amoj168/OneDrive - The University of Auckland/Documents/GitHub/305-Mini-Project-Flappy-Plane/305_files/MiniprojectResources/bouncy_ball.vhd Line: 113
Info (10041): Inferred latch for "top_cloud2_height[0]" at bouncy_ball.vhd(106) File: C:/Users/amoj168/OneDrive - The University of Auckland/Documents/GitHub/305-Mini-Project-Flappy-Plane/305_files/MiniprojectResources/bouncy_ball.vhd Line: 106
Info (10041): Inferred latch for "top_cloud2_height[1]" at bouncy_ball.vhd(106) File: C:/Users/amoj168/OneDrive - The University of Auckland/Documents/GitHub/305-Mini-Project-Flappy-Plane/305_files/MiniprojectResources/bouncy_ball.vhd Line: 106
Info (10041): Inferred latch for "top_cloud2_height[2]" at bouncy_ball.vhd(106) File: C:/Users/amoj168/OneDrive - The University of Auckland/Documents/GitHub/305-Mini-Project-Flappy-Plane/305_files/MiniprojectResources/bouncy_ball.vhd Line: 106
Info (10041): Inferred latch for "top_cloud2_height[3]" at bouncy_ball.vhd(106) File: C:/Users/amoj168/OneDrive - The University of Auckland/Documents/GitHub/305-Mini-Project-Flappy-Plane/305_files/MiniprojectResources/bouncy_ball.vhd Line: 106
Info (10041): Inferred latch for "top_cloud2_height[4]" at bouncy_ball.vhd(106) File: C:/Users/amoj168/OneDrive - The University of Auckland/Documents/GitHub/305-Mini-Project-Flappy-Plane/305_files/MiniprojectResources/bouncy_ball.vhd Line: 106
Info (10041): Inferred latch for "top_cloud2_height[5]" at bouncy_ball.vhd(106) File: C:/Users/amoj168/OneDrive - The University of Auckland/Documents/GitHub/305-Mini-Project-Flappy-Plane/305_files/MiniprojectResources/bouncy_ball.vhd Line: 106
Info (10041): Inferred latch for "top_cloud2_height[6]" at bouncy_ball.vhd(106) File: C:/Users/amoj168/OneDrive - The University of Auckland/Documents/GitHub/305-Mini-Project-Flappy-Plane/305_files/MiniprojectResources/bouncy_ball.vhd Line: 106
Info (10041): Inferred latch for "top_cloud2_height[7]" at bouncy_ball.vhd(106) File: C:/Users/amoj168/OneDrive - The University of Auckland/Documents/GitHub/305-Mini-Project-Flappy-Plane/305_files/MiniprojectResources/bouncy_ball.vhd Line: 106
Info (10041): Inferred latch for "top_cloud2_height[8]" at bouncy_ball.vhd(106) File: C:/Users/amoj168/OneDrive - The University of Auckland/Documents/GitHub/305-Mini-Project-Flappy-Plane/305_files/MiniprojectResources/bouncy_ball.vhd Line: 106
Info (10041): Inferred latch for "top_cloud2_height[9]" at bouncy_ball.vhd(106) File: C:/Users/amoj168/OneDrive - The University of Auckland/Documents/GitHub/305-Mini-Project-Flappy-Plane/305_files/MiniprojectResources/bouncy_ball.vhd Line: 106
Info (10041): Inferred latch for "bottom_cloud1_height[0]" at bouncy_ball.vhd(99) File: C:/Users/amoj168/OneDrive - The University of Auckland/Documents/GitHub/305-Mini-Project-Flappy-Plane/305_files/MiniprojectResources/bouncy_ball.vhd Line: 99
Info (10041): Inferred latch for "bottom_cloud1_height[1]" at bouncy_ball.vhd(99) File: C:/Users/amoj168/OneDrive - The University of Auckland/Documents/GitHub/305-Mini-Project-Flappy-Plane/305_files/MiniprojectResources/bouncy_ball.vhd Line: 99
Info (10041): Inferred latch for "bottom_cloud1_height[2]" at bouncy_ball.vhd(99) File: C:/Users/amoj168/OneDrive - The University of Auckland/Documents/GitHub/305-Mini-Project-Flappy-Plane/305_files/MiniprojectResources/bouncy_ball.vhd Line: 99
Info (10041): Inferred latch for "bottom_cloud1_height[3]" at bouncy_ball.vhd(99) File: C:/Users/amoj168/OneDrive - The University of Auckland/Documents/GitHub/305-Mini-Project-Flappy-Plane/305_files/MiniprojectResources/bouncy_ball.vhd Line: 99
Info (10041): Inferred latch for "bottom_cloud1_height[4]" at bouncy_ball.vhd(99) File: C:/Users/amoj168/OneDrive - The University of Auckland/Documents/GitHub/305-Mini-Project-Flappy-Plane/305_files/MiniprojectResources/bouncy_ball.vhd Line: 99
Info (10041): Inferred latch for "bottom_cloud1_height[5]" at bouncy_ball.vhd(99) File: C:/Users/amoj168/OneDrive - The University of Auckland/Documents/GitHub/305-Mini-Project-Flappy-Plane/305_files/MiniprojectResources/bouncy_ball.vhd Line: 99
Info (10041): Inferred latch for "bottom_cloud1_height[6]" at bouncy_ball.vhd(99) File: C:/Users/amoj168/OneDrive - The University of Auckland/Documents/GitHub/305-Mini-Project-Flappy-Plane/305_files/MiniprojectResources/bouncy_ball.vhd Line: 99
Info (10041): Inferred latch for "bottom_cloud1_height[7]" at bouncy_ball.vhd(99) File: C:/Users/amoj168/OneDrive - The University of Auckland/Documents/GitHub/305-Mini-Project-Flappy-Plane/305_files/MiniprojectResources/bouncy_ball.vhd Line: 99
Info (10041): Inferred latch for "bottom_cloud1_height[8]" at bouncy_ball.vhd(99) File: C:/Users/amoj168/OneDrive - The University of Auckland/Documents/GitHub/305-Mini-Project-Flappy-Plane/305_files/MiniprojectResources/bouncy_ball.vhd Line: 99
Info (10041): Inferred latch for "bottom_cloud1_height[9]" at bouncy_ball.vhd(99) File: C:/Users/amoj168/OneDrive - The University of Auckland/Documents/GitHub/305-Mini-Project-Flappy-Plane/305_files/MiniprojectResources/bouncy_ball.vhd Line: 99
Info (10041): Inferred latch for "top_cloud1_height[0]" at bouncy_ball.vhd(93) File: C:/Users/amoj168/OneDrive - The University of Auckland/Documents/GitHub/305-Mini-Project-Flappy-Plane/305_files/MiniprojectResources/bouncy_ball.vhd Line: 93
Info (10041): Inferred latch for "top_cloud1_height[1]" at bouncy_ball.vhd(93) File: C:/Users/amoj168/OneDrive - The University of Auckland/Documents/GitHub/305-Mini-Project-Flappy-Plane/305_files/MiniprojectResources/bouncy_ball.vhd Line: 93
Info (10041): Inferred latch for "top_cloud1_height[2]" at bouncy_ball.vhd(93) File: C:/Users/amoj168/OneDrive - The University of Auckland/Documents/GitHub/305-Mini-Project-Flappy-Plane/305_files/MiniprojectResources/bouncy_ball.vhd Line: 93
Info (10041): Inferred latch for "top_cloud1_height[3]" at bouncy_ball.vhd(93) File: C:/Users/amoj168/OneDrive - The University of Auckland/Documents/GitHub/305-Mini-Project-Flappy-Plane/305_files/MiniprojectResources/bouncy_ball.vhd Line: 93
Info (10041): Inferred latch for "top_cloud1_height[4]" at bouncy_ball.vhd(93) File: C:/Users/amoj168/OneDrive - The University of Auckland/Documents/GitHub/305-Mini-Project-Flappy-Plane/305_files/MiniprojectResources/bouncy_ball.vhd Line: 93
Info (10041): Inferred latch for "top_cloud1_height[5]" at bouncy_ball.vhd(93) File: C:/Users/amoj168/OneDrive - The University of Auckland/Documents/GitHub/305-Mini-Project-Flappy-Plane/305_files/MiniprojectResources/bouncy_ball.vhd Line: 93
Info (10041): Inferred latch for "top_cloud1_height[6]" at bouncy_ball.vhd(93) File: C:/Users/amoj168/OneDrive - The University of Auckland/Documents/GitHub/305-Mini-Project-Flappy-Plane/305_files/MiniprojectResources/bouncy_ball.vhd Line: 93
Info (10041): Inferred latch for "top_cloud1_height[7]" at bouncy_ball.vhd(93) File: C:/Users/amoj168/OneDrive - The University of Auckland/Documents/GitHub/305-Mini-Project-Flappy-Plane/305_files/MiniprojectResources/bouncy_ball.vhd Line: 93
Info (10041): Inferred latch for "top_cloud1_height[8]" at bouncy_ball.vhd(93) File: C:/Users/amoj168/OneDrive - The University of Auckland/Documents/GitHub/305-Mini-Project-Flappy-Plane/305_files/MiniprojectResources/bouncy_ball.vhd Line: 93
Info (10041): Inferred latch for "top_cloud1_height[9]" at bouncy_ball.vhd(93) File: C:/Users/amoj168/OneDrive - The University of Auckland/Documents/GitHub/305-Mini-Project-Flappy-Plane/305_files/MiniprojectResources/bouncy_ball.vhd Line: 93
Info (12128): Elaborating entity "MOUSE" for hierarchy "MOUSE:inst5"
Warning (10036): Verilog HDL or VHDL warning at mouse.vhd(25): object "CHARIN" assigned a value but never read File: C:/Users/amoj168/OneDrive - The University of Auckland/Documents/GitHub/305-Mini-Project-Flappy-Plane/305_files/MiniprojectResources/mouse.vhd Line: 25
Warning (10492): VHDL Process Statement warning at mouse.vhd(151): signal "CHAROUT" is read inside the Process Statement but isn't in the Process Statement's sensitivity list File: C:/Users/amoj168/OneDrive - The University of Auckland/Documents/GitHub/305-Mini-Project-Flappy-Plane/305_files/MiniprojectResources/mouse.vhd Line: 151
Warning (10492): VHDL Process Statement warning at mouse.vhd(155): signal "CHAROUT" is read inside the Process Statement but isn't in the Process Statement's sensitivity list File: C:/Users/amoj168/OneDrive - The University of Auckland/Documents/GitHub/305-Mini-Project-Flappy-Plane/305_files/MiniprojectResources/mouse.vhd Line: 155
Warning (10492): VHDL Process Statement warning at mouse.vhd(156): signal "CHAROUT" is read inside the Process Statement but isn't in the Process Statement's sensitivity list File: C:/Users/amoj168/OneDrive - The University of Auckland/Documents/GitHub/305-Mini-Project-Flappy-Plane/305_files/MiniprojectResources/mouse.vhd Line: 156
Warning (10492): VHDL Process Statement warning at mouse.vhd(157): signal "CHAROUT" is read inside the Process Statement but isn't in the Process Statement's sensitivity list File: C:/Users/amoj168/OneDrive - The University of Auckland/Documents/GitHub/305-Mini-Project-Flappy-Plane/305_files/MiniprojectResources/mouse.vhd Line: 157
Info (12128): Elaborating entity "char_rom" for hierarchy "char_rom:inst9"
Info (12128): Elaborating entity "altsyncram" for hierarchy "char_rom:inst9|altsyncram:altsyncram_component" File: C:/Users/amoj168/OneDrive - The University of Auckland/Documents/GitHub/305-Mini-Project-Flappy-Plane/305_files/MiniprojectResources/char_rom.vhd Line: 51
Info (12130): Elaborated megafunction instantiation "char_rom:inst9|altsyncram:altsyncram_component" File: C:/Users/amoj168/OneDrive - The University of Auckland/Documents/GitHub/305-Mini-Project-Flappy-Plane/305_files/MiniprojectResources/char_rom.vhd Line: 51
Info (12133): Instantiated megafunction "char_rom:inst9|altsyncram:altsyncram_component" with the following parameter: File: C:/Users/amoj168/OneDrive - The University of Auckland/Documents/GitHub/305-Mini-Project-Flappy-Plane/305_files/MiniprojectResources/char_rom.vhd Line: 51
    Info (12134): Parameter "address_aclr_a" = "NONE"
    Info (12134): Parameter "clock_enable_input_a" = "BYPASS"
    Info (12134): Parameter "clock_enable_output_a" = "BYPASS"
    Info (12134): Parameter "init_file" = "tcgrom.mif"
    Info (12134): Parameter "intended_device_family" = "Cyclone III"
    Info (12134): Parameter "lpm_hint" = "ENABLE_RUNTIME_MOD=NO"
    Info (12134): Parameter "lpm_type" = "altsyncram"
    Info (12134): Parameter "numwords_a" = "512"
    Info (12134): Parameter "operation_mode" = "ROM"
    Info (12134): Parameter "outdata_aclr_a" = "NONE"
    Info (12134): Parameter "outdata_reg_a" = "UNREGISTERED"
    Info (12134): Parameter "widthad_a" = "9"
    Info (12134): Parameter "width_a" = "8"
    Info (12134): Parameter "width_byteena_a" = "1"
Info (12021): Found 1 design units, including 1 entities, in source file db/altsyncram_d5g1.tdf
    Info (12023): Found entity 1: altsyncram_d5g1 File: C:/Users/amoj168/OneDrive - The University of Auckland/Documents/GitHub/305-Mini-Project-Flappy-Plane/305_files/db/altsyncram_d5g1.tdf Line: 27
Info (12128): Elaborating entity "altsyncram_d5g1" for hierarchy "char_rom:inst9|altsyncram:altsyncram_component|altsyncram_d5g1:auto_generated" File: c:/intelfpga/18.1/quartus/libraries/megafunctions/altsyncram.tdf Line: 791
Info (12128): Elaborating entity "textSelector" for hierarchy "textSelector:inst10"
Info (10041): Inferred latch for "current_score_digit[0]" at text.vhd(88) File: C:/Users/amoj168/OneDrive - The University of Auckland/Documents/GitHub/305-Mini-Project-Flappy-Plane/305_files/text.vhd Line: 88
Info (10041): Inferred latch for "current_score_digit[1]" at text.vhd(88) File: C:/Users/amoj168/OneDrive - The University of Auckland/Documents/GitHub/305-Mini-Project-Flappy-Plane/305_files/text.vhd Line: 88
Info (10041): Inferred latch for "current_score_digit[2]" at text.vhd(88) File: C:/Users/amoj168/OneDrive - The University of Auckland/Documents/GitHub/305-Mini-Project-Flappy-Plane/305_files/text.vhd Line: 88
Info (10041): Inferred latch for "current_score_digit[3]" at text.vhd(88) File: C:/Users/amoj168/OneDrive - The University of Auckland/Documents/GitHub/305-Mini-Project-Flappy-Plane/305_files/text.vhd Line: 88
Info (10041): Inferred latch for "current_score_digit[4]" at text.vhd(88) File: C:/Users/amoj168/OneDrive - The University of Auckland/Documents/GitHub/305-Mini-Project-Flappy-Plane/305_files/text.vhd Line: 88
Info (10041): Inferred latch for "current_score_digit[5]" at text.vhd(88) File: C:/Users/amoj168/OneDrive - The University of Auckland/Documents/GitHub/305-Mini-Project-Flappy-Plane/305_files/text.vhd Line: 88
Info (10041): Inferred latch for "current_score_digit[6]" at text.vhd(88) File: C:/Users/amoj168/OneDrive - The University of Auckland/Documents/GitHub/305-Mini-Project-Flappy-Plane/305_files/text.vhd Line: 88
Info (10041): Inferred latch for "current_score_digit[7]" at text.vhd(88) File: C:/Users/amoj168/OneDrive - The University of Auckland/Documents/GitHub/305-Mini-Project-Flappy-Plane/305_files/text.vhd Line: 88
Info (10041): Inferred latch for "current_score_digit[8]" at text.vhd(88) File: C:/Users/amoj168/OneDrive - The University of Auckland/Documents/GitHub/305-Mini-Project-Flappy-Plane/305_files/text.vhd Line: 88
Info (10041): Inferred latch for "current_score_digit[9]" at text.vhd(88) File: C:/Users/amoj168/OneDrive - The University of Auckland/Documents/GitHub/305-Mini-Project-Flappy-Plane/305_files/text.vhd Line: 88
Info (10041): Inferred latch for "current_score_digit[10]" at text.vhd(88) File: C:/Users/amoj168/OneDrive - The University of Auckland/Documents/GitHub/305-Mini-Project-Flappy-Plane/305_files/text.vhd Line: 88
Info (10041): Inferred latch for "current_score_digit[11]" at text.vhd(88) File: C:/Users/amoj168/OneDrive - The University of Auckland/Documents/GitHub/305-Mini-Project-Flappy-Plane/305_files/text.vhd Line: 88
Info (10041): Inferred latch for "current_score_digit[12]" at text.vhd(88) File: C:/Users/amoj168/OneDrive - The University of Auckland/Documents/GitHub/305-Mini-Project-Flappy-Plane/305_files/text.vhd Line: 88
Info (10041): Inferred latch for "current_score_digit[13]" at text.vhd(88) File: C:/Users/amoj168/OneDrive - The University of Auckland/Documents/GitHub/305-Mini-Project-Flappy-Plane/305_files/text.vhd Line: 88
Info (10041): Inferred latch for "score_character[0]" at text.vhd(72) File: C:/Users/amoj168/OneDrive - The University of Auckland/Documents/GitHub/305-Mini-Project-Flappy-Plane/305_files/text.vhd Line: 72
Info (10041): Inferred latch for "score_character[1]" at text.vhd(72) File: C:/Users/amoj168/OneDrive - The University of Auckland/Documents/GitHub/305-Mini-Project-Flappy-Plane/305_files/text.vhd Line: 72
Info (10041): Inferred latch for "score_character[2]" at text.vhd(72) File: C:/Users/amoj168/OneDrive - The University of Auckland/Documents/GitHub/305-Mini-Project-Flappy-Plane/305_files/text.vhd Line: 72
Info (10041): Inferred latch for "score_character[3]" at text.vhd(72) File: C:/Users/amoj168/OneDrive - The University of Auckland/Documents/GitHub/305-Mini-Project-Flappy-Plane/305_files/text.vhd Line: 72
Info (10041): Inferred latch for "score_character[4]" at text.vhd(72) File: C:/Users/amoj168/OneDrive - The University of Auckland/Documents/GitHub/305-Mini-Project-Flappy-Plane/305_files/text.vhd Line: 72
Info (10041): Inferred latch for "score_character[5]" at text.vhd(72) File: C:/Users/amoj168/OneDrive - The University of Auckland/Documents/GitHub/305-Mini-Project-Flappy-Plane/305_files/text.vhd Line: 72
Info (10041): Inferred latch for "current_lives_digit[0]" at text.vhd(53) File: C:/Users/amoj168/OneDrive - The University of Auckland/Documents/GitHub/305-Mini-Project-Flappy-Plane/305_files/text.vhd Line: 53
Info (10041): Inferred latch for "current_lives_digit[1]" at text.vhd(53) File: C:/Users/amoj168/OneDrive - The University of Auckland/Documents/GitHub/305-Mini-Project-Flappy-Plane/305_files/text.vhd Line: 53
Info (10041): Inferred latch for "current_lives_digit[2]" at text.vhd(53) File: C:/Users/amoj168/OneDrive - The University of Auckland/Documents/GitHub/305-Mini-Project-Flappy-Plane/305_files/text.vhd Line: 53
Info (10041): Inferred latch for "current_lives_digit[3]" at text.vhd(53) File: C:/Users/amoj168/OneDrive - The University of Auckland/Documents/GitHub/305-Mini-Project-Flappy-Plane/305_files/text.vhd Line: 53
Info (10041): Inferred latch for "current_lives_digit[4]" at text.vhd(53) File: C:/Users/amoj168/OneDrive - The University of Auckland/Documents/GitHub/305-Mini-Project-Flappy-Plane/305_files/text.vhd Line: 53
Info (10041): Inferred latch for "current_lives_digit[5]" at text.vhd(53) File: C:/Users/amoj168/OneDrive - The University of Auckland/Documents/GitHub/305-Mini-Project-Flappy-Plane/305_files/text.vhd Line: 53
Info (10041): Inferred latch for "current_lives_digit[6]" at text.vhd(53) File: C:/Users/amoj168/OneDrive - The University of Auckland/Documents/GitHub/305-Mini-Project-Flappy-Plane/305_files/text.vhd Line: 53
Info (10041): Inferred latch for "current_lives_digit[7]" at text.vhd(53) File: C:/Users/amoj168/OneDrive - The University of Auckland/Documents/GitHub/305-Mini-Project-Flappy-Plane/305_files/text.vhd Line: 53
Info (10041): Inferred latch for "current_lives_digit[8]" at text.vhd(53) File: C:/Users/amoj168/OneDrive - The University of Auckland/Documents/GitHub/305-Mini-Project-Flappy-Plane/305_files/text.vhd Line: 53
Info (10041): Inferred latch for "current_lives_digit[9]" at text.vhd(53) File: C:/Users/amoj168/OneDrive - The University of Auckland/Documents/GitHub/305-Mini-Project-Flappy-Plane/305_files/text.vhd Line: 53
Info (10041): Inferred latch for "current_lives_digit[10]" at text.vhd(53) File: C:/Users/amoj168/OneDrive - The University of Auckland/Documents/GitHub/305-Mini-Project-Flappy-Plane/305_files/text.vhd Line: 53
Info (10041): Inferred latch for "current_lives_digit[11]" at text.vhd(53) File: C:/Users/amoj168/OneDrive - The University of Auckland/Documents/GitHub/305-Mini-Project-Flappy-Plane/305_files/text.vhd Line: 53
Info (10041): Inferred latch for "current_lives_digit[12]" at text.vhd(53) File: C:/Users/amoj168/OneDrive - The University of Auckland/Documents/GitHub/305-Mini-Project-Flappy-Plane/305_files/text.vhd Line: 53
Info (10041): Inferred latch for "current_lives_digit[13]" at text.vhd(53) File: C:/Users/amoj168/OneDrive - The University of Auckland/Documents/GitHub/305-Mini-Project-Flappy-Plane/305_files/text.vhd Line: 53
Info (10041): Inferred latch for "lives_character[0]" at text.vhd(38) File: C:/Users/amoj168/OneDrive - The University of Auckland/Documents/GitHub/305-Mini-Project-Flappy-Plane/305_files/text.vhd Line: 38
Info (10041): Inferred latch for "lives_character[1]" at text.vhd(38) File: C:/Users/amoj168/OneDrive - The University of Auckland/Documents/GitHub/305-Mini-Project-Flappy-Plane/305_files/text.vhd Line: 38
Info (10041): Inferred latch for "lives_character[2]" at text.vhd(38) File: C:/Users/amoj168/OneDrive - The University of Auckland/Documents/GitHub/305-Mini-Project-Flappy-Plane/305_files/text.vhd Line: 38
Info (10041): Inferred latch for "lives_character[3]" at text.vhd(38) File: C:/Users/amoj168/OneDrive - The University of Auckland/Documents/GitHub/305-Mini-Project-Flappy-Plane/305_files/text.vhd Line: 38
Info (10041): Inferred latch for "lives_character[4]" at text.vhd(38) File: C:/Users/amoj168/OneDrive - The University of Auckland/Documents/GitHub/305-Mini-Project-Flappy-Plane/305_files/text.vhd Line: 38
Info (10041): Inferred latch for "lives_character[5]" at text.vhd(38) File: C:/Users/amoj168/OneDrive - The University of Auckland/Documents/GitHub/305-Mini-Project-Flappy-Plane/305_files/text.vhd Line: 38
Info (12128): Elaborating entity "heart" for hierarchy "heart:inst12"
Error (272006): Cannot implement altsyncram megafunction because RAM size is too large to use with OPERATION_MODE parameter set to value ROM File: C:/Users/amoj168/OneDrive - The University of Auckland/Documents/GitHub/305-Mini-Project-Flappy-Plane/305_files/heart.vhd Line: 51
Error (272006): Insufficient address lines in altsyncram megafunction design -- 256 memory words in side A specified but total number of address lines is 198 File: C:/Users/amoj168/OneDrive - The University of Auckland/Documents/GitHub/305-Mini-Project-Flappy-Plane/305_files/heart.vhd Line: 51
Info (12128): Elaborating entity "altsyncram" for hierarchy "heart:inst12|altsyncram:altsyncram_component" File: C:/Users/amoj168/OneDrive - The University of Auckland/Documents/GitHub/305-Mini-Project-Flappy-Plane/305_files/heart.vhd Line: 51
Error (287078): Assertion error:  ROM for Cyclone V device_family is too big to be implemented by altsyncram megafunction  File: c:/intelfpga/18.1/quartus/libraries/megafunctions/altsyncram.tdf Line: 796
Error (287078): Assertion error: The current megafunction is configured for use with the clear box feature and cannot be used when the clear box feature is disabled File: c:/intelfpga/18.1/quartus/libraries/megafunctions/altsyncram.tdf Line: 2877
Warning (287013): Variable or input pin "address_a" is defined but never used. File: c:/intelfpga/18.1/quartus/libraries/megafunctions/altsyncram.tdf Line: 444
Warning (287013): Variable or input pin "clock0" is defined but never used. File: c:/intelfpga/18.1/quartus/libraries/megafunctions/altsyncram.tdf Line: 449
Error (12152): Can't elaborate user hierarchy "heart:inst12|altsyncram:altsyncram_component" File: C:/Users/amoj168/OneDrive - The University of Auckland/Documents/GitHub/305-Mini-Project-Flappy-Plane/305_files/heart.vhd Line: 51
Error: Quartus Prime Analysis & Synthesis was unsuccessful. 5 errors, 20 warnings
    Error: Peak virtual memory: 4874 megabytes
    Error: Processing ended: Thu May 23 13:22:37 2024
    Error: Elapsed time: 00:00:13
    Error: Total CPU time (on all processors): 00:00:03


